Your text here new